// Jest Snapshot v1, https://goo.gl/fbAQLP

exports[`picking prisma actions should expose in GraphQL schema only actions chosen by single resolvers: graphQLSchemaSDL 1`] = `
"# -----------------------------------------------
# !!! THIS FILE WAS GENERATED BY TYPE-GRAPHQL !!!
# !!!   DO NOT MODIFY THIS FILE BY YOURSELF   !!!
# -----------------------------------------------

input DateTimeFilter {
  equals: DateTimeISO
  gt: DateTimeISO
  gte: DateTimeISO
  in: [DateTimeISO!]
  lt: DateTimeISO
  lte: DateTimeISO
  not: NestedDateTimeFilter
  notIn: [DateTimeISO!]
}

\\"\\"\\"
A date-time string at UTC, such as 2007-12-03T10:15:30Z, compliant with the \`date-time\` format outlined in section 5.6 of the RFC 3339 profile of the ISO 8601 standard for representation of dates and times using the Gregorian calendar.This scalar is serialized to a string in ISO 8601 format and parsed from a string in ISO 8601 format.
\\"\\"\\"
scalar DateTimeISO

input IntFilter {
  equals: Int
  gt: Int
  gte: Int
  in: [Int!]
  lt: Int
  lte: Int
  not: NestedIntFilter
  notIn: [Int!]
}

type Mutation {
  createOneUser(data: UserCreateInput!): User!
}

input NestedDateTimeFilter {
  equals: DateTimeISO
  gt: DateTimeISO
  gte: DateTimeISO
  in: [DateTimeISO!]
  lt: DateTimeISO
  lte: DateTimeISO
  not: NestedDateTimeFilter
  notIn: [DateTimeISO!]
}

input NestedIntFilter {
  equals: Int
  gt: Int
  gte: Int
  in: [Int!]
  lt: Int
  lte: Int
  not: NestedIntFilter
  notIn: [Int!]
}

input NestedStringFilter {
  contains: String
  endsWith: String
  equals: String
  gt: String
  gte: String
  in: [String!]
  lt: String
  lte: String
  not: NestedStringFilter
  notIn: [String!]
  startsWith: String
}

input NestedStringNullableFilter {
  contains: String
  endsWith: String
  equals: String
  gt: String
  gte: String
  in: [String!]
  lt: String
  lte: String
  not: NestedStringNullableFilter
  notIn: [String!]
  startsWith: String
}

enum NullsOrder {
  first
  last
}

type Query {
  users(cursor: UserWhereUniqueInput, distinct: [UserScalarFieldEnum!], orderBy: [UserOrderByWithRelationInput!], skip: Int, take: Int, where: UserWhereInput): [User!]!
}

enum QueryMode {
  default
  insensitive
}

enum SortOrder {
  asc
  desc
}

input SortOrderInput {
  nulls: NullsOrder
  sort: SortOrder!
}

input StringFilter {
  contains: String
  endsWith: String
  equals: String
  gt: String
  gte: String
  in: [String!]
  lt: String
  lte: String
  mode: QueryMode
  not: NestedStringFilter
  notIn: [String!]
  startsWith: String
}

input StringNullableFilter {
  contains: String
  endsWith: String
  equals: String
  gt: String
  gte: String
  in: [String!]
  lt: String
  lte: String
  mode: QueryMode
  not: NestedStringNullableFilter
  notIn: [String!]
  startsWith: String
}

type User {
  dateField: DateTimeISO!
  intIdField: Int!
  optionalStringField: String
  uniqueStringField: String!
}

input UserCreateInput {
  dateField: DateTimeISO!
  optionalStringField: String
  uniqueStringField: String!
}

input UserOrderByWithRelationInput {
  dateField: SortOrder
  intIdField: SortOrder
  optionalStringField: SortOrderInput
  uniqueStringField: SortOrder
}

enum UserScalarFieldEnum {
  dateField
  intIdField
  optionalStringField
  uniqueStringField
}

input UserWhereInput {
  AND: [UserWhereInput!]
  NOT: [UserWhereInput!]
  OR: [UserWhereInput!]
  dateField: DateTimeFilter
  intIdField: IntFilter
  optionalStringField: StringNullableFilter
  uniqueStringField: StringFilter
}

input UserWhereUniqueInput {
  AND: [UserWhereInput!]
  NOT: [UserWhereInput!]
  OR: [UserWhereInput!]
  dateField: DateTimeFilter
  intIdField: Int
  optionalStringField: StringNullableFilter
  uniqueStringField: String
}"
`;
